// Jest Snapshot v1, https://goo.gl/fbAQLP

exports[`Error render 1`] = `
.c0 {
  margin: 15px 0 0 10px;
  display: inline-block;
  padding: 5px;
  border: 1px solid #ff4c50;
  color: #ff4c50;
  font-size: 1rem;
}

<span
  className="c0"
>
  really error
</span>
`;

exports[`Form render 1`] = `
.c0 {
  margin-top: 24px;
}

<div
  className="c0"
/>
`;

exports[`FormGroup render 1`] = `
.c0 {
  margin-bottom: 1rem;
  width: 100%;
}

.c0 label {
  font-size: 1rem;
  font-family: 'Gotham';
  font-weight: 500;
  display: block;
  margin: 0 0 5px 15px;
}

.c0 > input[type='text'] {
  width: 100%;
  height: 42px;
  line-height: 42px;
  padding: 0 12px;
  border-radius: 21px;
  display: block;
  background: #fff;
  border: 1px solid #c8c8c8;
  font-size: 1rem;
  font-family: 'Gotham';
  font-weight: 500;
  color: #343a40;
}

.c0 > span {
  margin: 5px 0 0 10px;
  display: inline-block;
  padding: 5px;
  border: 1px solid #ff4c50;
  color: #ff4c50;
  font-size: 1rem;
}

<div
  className="c0"
/>
`;
